// Jest Snapshot v1, https://jestjs.io/docs/snapshot-testing

exports[`templateService renderTemplate should create a file from given namespace 1`] = `
"import { initializeI18n } from '@reactionable/core';
import enCommon from './locales/en/common.json';
import frCommon from './locales/fr/common.json';

const resources = {
  en: {
    common: enCommon,
  },
  fr: {
    common: frCommon,
  },
};


initializeI18n({ resources });"
`;

exports[`templateService renderTemplate should create a file from given namespace 2`] = `
"{
  "test-project": "test-project"
}"
`;

exports[`templateService renderTemplate should create a file from given namespace having nested config: TestEntitiesConfig.tsx 1`] = `
"import { useList, useRead, useTranslation } from '@reactionable/core';
import React from 'react';
import { FormField, IUseCrudConfigResult } from 'undefined';
import { string } from 'yup';

export type ITestEntityData = {
  id: string;
  label: string;
};


export type ITestEntityValues = Omit<ITestEntityData, "id">;


const FormChildren = () => {
  const { t } = useTranslation("testEntities");

  return (
    <>
      <FormField name="label" label={t("Label")} placeholder={t("Label")} autoFocus={true} required/>
    </>
  );
};


export const useTestEntitiesConfig = (): IUseCrudConfigResult<
  ITestEntityValues,
  ITestEntityData
> => {
  const { t } = useTranslation("testEntities");

  return {
    onCreate: async (data: ITestEntityValues) => null,
    onUpdate: async (data: ITestEntityValues) => null,
    onDelete: async (id: ITestEntityData["id"]) => null,
    useRead: (variables) =>
      useRead<ITestEntityData>({
        handleQuery: async () => null,
        variables,
      }),
    useList: (variables) =>
      useList<ITestEntityData>({
        handleQuery: async () => null,
        variables,
      }),
    initialValues: {
      label: "",
    },
    validationSchema: {
      label: string()
        .min(1, t("Test entity label must be at least 1 characters"))
        .required(t("Test entity label is required")),
    },
    formChildren: FormChildren,
  };
};"
`;

exports[`templateService renderTemplate should create a file from given namespace having nested config: testEntities.json 1`] = `
"{
  "Test entity label must be at least 1 characters": "Test entity label must be at least 1 characters",
  "Test entity label is required": "Test entity label is required",
  "Label": "Label",
  "Create a new test entity": "Create a new test entity",
  "TestEntity has been successfully created": "TestEntity has been successfully created",
  "Delete test entity": "Delete test entity",
  "Are you sure you want to delete this test entity ?": "Are you sure you want to delete this test entity ?",
  "The test entity has been deleted": "The test entity has been deleted",
  "Go to test entity \\"{{ label  }}\\"": "Go to test entity \\"{{ label  }}\\"",
  "Delete test entity \\"{{ label  }}\\"": "Delete test entity \\"{{ label  }}\\"",
  "List test entities": "List test entities",
  "List test entities description": "List test entities description",
  "You don\\"t have any test entities yet.": "You don\\"t have any test entities yet.",
  "Click the button to create a new test entity": "Click the button to create a new test entity",
  "Test entity - {{ label  }}": "Test entity - {{ label  }}",
  "Update test entity \\"{{ label  }}\\"": "Update test entity \\"{{ label  }}\\"",
  "TestEntity has been successfully updated": "TestEntity has been successfully updated"
}"
`;
